>seq1
aaaaaaaaaaaaaaaaaaaaaaaaaaaaaaaaaaaaaaaaaaaaaaaaaaaaaaaaaaaaaaaaaaaaaaaaaaaaaaaa
tttttttttttttttttttttttttttttttttttttttttttttttttttttttttttttttttttttttttttttttt
cccccccccccccccccccccccccccccccccccccccccccccccccccccccccccccccccccccccccccccccc
gggggggggggggggggggggggggggggggggggggggggggggggggggggggggggggggggggggggggggggggg
>seq4
aaaaaaaaaaaaaaaaaaaaaaaaaaaaaaaaaaaaaaaaaaaaaaaaaaaaaaaaaaaaaaaaaaaaaaaaaaaaaaaa
tttttttttttttttttttttttttttttttttttttttttttttttttttttttttttttttttttttttttttttttt
cccccccccccccccccccccccccccccccccccccccccccccccccccccccccccccccccccccccccccccccc
gggggggggggggggggggggggggggggggggggggggggggggggggggggggggggggggggggggggggggggggg
